18:14:34 **** Build of configuration Debug for project 001_Hello_world ****
make -j12 all 
arm-none-eabi-gcc -mcpu=cortex-m4 -g3 -DDEBUG -c -x assembler-with-cpp -MMD -MP -MF"Startup/startup_stm32wb55rgvx.d" -MT"Startup/startup_stm32wb55rgvx.o" --specs=nano.specs -mfpu=fpv4-sp-d16 -mfloat-abi=hard -mthumb -o "Startup/startup_stm32wb55rgvx.o" "../Startup/startup_stm32wb55rgvx.s"
arm-none-eabi-gcc "../Src/main.c" -mcpu=cortex-m4 -std=gnu11 -g3 -DDEBUG -DSTM32 -DSTM32WB -DNUCLEO_WB55RG -DSTM32WB55RGVx -c -I../Inc -O0 -ffunction-sections -fdata-sections -Wall -fstack-usage -fcyclomatic-complexity -MMD -MP -MF"Src/main.d" -MT"Src/main.o" --specs=nano.specs -mfpu=fpv4-sp-d16 -mfloat-abi=hard -mthumb -o "Src/main.o"
arm-none-eabi-gcc "../Src/syscalls.c" -mcpu=cortex-m4 -std=gnu11 -g3 -DDEBUG -DSTM32 -DSTM32WB -DNUCLEO_WB55RG -DSTM32WB55RGVx -c -I../Inc -O0 -ffunction-sections -fdata-sections -Wall -fstack-usage -fcyclomatic-complexity -MMD -MP -MF"Src/syscalls.d" -MT"Src/syscalls.o" --specs=nano.specs -mfpu=fpv4-sp-d16 -mfloat-abi=hard -mthumb -o "Src/syscalls.o"
arm-none-eabi-gcc "../Src/sysmem.c" -mcpu=cortex-m4 -std=gnu11 -g3 -DDEBUG -DSTM32 -DSTM32WB -DNUCLEO_WB55RG -DSTM32WB55RGVx -c -I../Inc -O0 -ffunction-sections -fdata-sections -Wall -fstack-usage -fcyclomatic-complexity -MMD -MP -MF"Src/sysmem.d" -MT"Src/sysmem.o" --specs=nano.specs -mfpu=fpv4-sp-d16 -mfloat-abi=hard -mthumb -o "Src/sysmem.o"
../Src/main.c:22:4: warning: #warning "FPU is not initialized, but the project is compiling for an FPU. Please initialize the FPU before use." [-Wcpp]
   22 |   #warning "FPU is not initialized, but the project is compiling for an FPU. Please initialize the FPU before use."
      |    ^~~~~~~
arm-none-eabi-gcc -o "001_Hello_world.elf" @"objects.list"   -mcpu=cortex-m4 -T"C:\SaiKrishnaNordicSemi\Advanced_C\arm_cortex_udemy\001_Hello_world\STM32WB55RGVX_FLASH.ld" --specs=nosys.specs -Wl,-Map="001_Hello_world.map" -Wl,--gc-sections -static --specs=nano.specs -mfpu=fpv4-sp-d16 -mfloat-abi=hard -mthumb -Wl,--start-group -lc -lm -Wl,--end-group
Finished building target: 001_Hello_world.elf
 
arm-none-eabi-size  001_Hello_world.elf 
arm-none-eabi-objdump -h -S 001_Hello_world.elf  > "001_Hello_world.list"
   text	   data	    bss	    dec	    hex	filename
    600	      8	   5152	   5760	   1680	001_Hello_world.elf
Finished building: default.size.stdout
 
Finished building: 001_Hello_world.list
 
18:18:51 **** Incremental Build of configuration Debug for project 001_Hello_world ****
make -j12 all 
arm-none-eabi-size  001_Hello_world.elf 
   text	   data	    bss	    dec	    hex	filename
    600	      8	   5152	   5760	   1680	001_Hello_world.elf
Finished building: default.size.stdout
 
18:23:32 **** Incremental Build of configuration Debug for project 001_Hello_world ****
make -j12 all 
arm-none-eabi-gcc "../Src/main.c" -mcpu=cortex-m4 -std=gnu11 -g3 -DDEBUG -DSTM32 -DSTM32WB -DNUCLEO_WB55RG -DSTM32WB55RGVx -c -I../Inc -O0 -ffunction-sections -fdata-sections -Wall -fstack-usage -fcyclomatic-complexity -MMD -MP -MF"Src/main.d" -MT"Src/main.o" --specs=nano.specs -mfpu=fpv4-sp-d16 -mfloat-abi=hard -mthumb -o "Src/main.o"
../Src/main.c:23:4: warning: #warning "FPU is not initialized, but the project is compiling for an FPU. Please initialize the FPU before use." [-Wcpp]
   23 |   #warning "FPU is not initialized, but the project is compiling for an FPU. Please initialize the FPU before use."
      |    ^~~~~~~
arm-none-eabi-gcc -o "001_Hello_world.elf" @"objects.list"   -mcpu=cortex-m4 -T"C:\SaiKrishnaNordicSemi\Advanced_C\arm_cortex_udemy\001_Hello_world\STM32WB55RGVX_FLASH.ld" --specs=nosys.specs -Wl,-Map="001_Hello_world.map" -Wl,--gc-sections -static --specs=nano.specs -mfpu=fpv4-sp-d16 -mfloat-abi=hard -mthumb -Wl,--start-group -lc -lm -Wl,--end-group
Finished building target: 001_Hello_world.elf
 
arm-none-eabi-size  001_Hello_world.elf 
arm-none-eabi-objdump -h -S 001_Hello_world.elf  > "001_Hello_world.list"
   text	   data	    bss	    dec	    hex	filename
   3280	    100	   5484	   8864	   22a0	001_Hello_world.elf
Finished building: default.size.stdout
 
Finished building: 001_Hello_world.list
 
18:23:36 **** Incremental Build of configuration Debug for project 001_Hello_world ****
make -j12 all 
arm-none-eabi-size  001_Hello_world.elf 
   text	   data	    bss	    dec	    hex	filename
   3280	    100	   5484	   8864	   22a0	001_Hello_world.elf
Finished building: default.size.stdout
 
